apps/api/src/modules/auth/presentation/auth.routes.ts(4,24): error TS7016: Could not find a declaration file for module '@saas/database'. 'c:/Users/Sapth/Downloads/saas_existing/packages/database/dist/client.js' implicitly has an 'any' type.
apps/api/src/modules/content/presentation/content.routes.ts(3,24): error TS7016: Could not find a declaration file for module '@saas/database'. 'c:/Users/Sapth/Downloads/saas_existing/packages/database/dist/client.js' implicitly has an 'any' type.
apps/api/src/modules/feedback/infrastructure/feedback.prisma.repository.ts(3,24): error TS7016: Could not find a declaration file for module '@saas/database'. 'c:/Users/Sapth/Downloads/saas_existing/packages/database/dist/client.js' implicitly has an 'any' type.
apps/api/src/modules/feedback/infrastructure/feedback.prisma.repository.ts(80,25): error TS7006: Parameter 'record' implicitly has an 'any' type.
apps/api/src/modules/feedback/infrastructure/feedback.prisma.repository.ts(96,25): error TS7006: Parameter 'record' implicitly has an 'any' type.
apps/api/src/modules/feedback/infrastructure/prisma-tenant-config.provider.ts(1,24): error TS7016: Could not find a declaration file for module '@saas/database'. 'c:/Users/Sapth/Downloads/saas_existing/packages/database/dist/client.js' implicitly has an 'any' type.
apps/api/src/modules/feedback/presentation/feedback.controller.ts(2,24): error TS7016: Could not find a declaration file for module '@saas/database'. 'c:/Users/Sapth/Downloads/saas_existing/packages/database/dist/client.js' implicitly has an 'any' type.
apps/api/src/modules/gallery/presentation/gallery.routes.ts(3,24): error TS7016: Could not find a declaration file for module '@saas/database'. 'c:/Users/Sapth/Downloads/saas_existing/packages/database/dist/client.js' implicitly has an 'any' type.
apps/api/src/modules/lead/infrastructure/lead-lifecycle.service.ts(2,24): error TS7016: Could not find a declaration file for module '@saas/database'. 'c:/Users/Sapth/Downloads/saas_existing/packages/database/dist/client.js' implicitly has an 'any' type.
apps/api/src/modules/lead/infrastructure/lead-lifecycle.service.ts(265,17): error TS7006: Parameter 'row' implicitly has an 'any' type.
apps/api/src/modules/lead/infrastructure/lead-lifecycle.service.ts(341,41): error TS7006: Parameter 'tx' implicitly has an 'any' type.
apps/api/src/modules/lead/infrastructure/lead-lifecycle.service.ts(509,40): error TS7006: Parameter 'tx' implicitly has an 'any' type.
apps/api/src/modules/lead/infrastructure/lead-lifecycle.service.ts(573,41): error TS7006: Parameter 'tx' implicitly has an 'any' type.
apps/api/src/modules/lead/infrastructure/lead-lifecycle.service.ts(637,38): error TS7006: Parameter 'tx' implicitly has an 'any' type.
apps/api/src/modules/lead/infrastructure/lead-lifecycle.service.ts(709,38): error TS7006: Parameter 'tx' implicitly has an 'any' type.
apps/api/src/modules/lead/infrastructure/lead-lifecycle.service.ts(799,30): error TS7006: Parameter 'lead' implicitly has an 'any' type.
apps/api/src/modules/lead/infrastructure/lead.prisma.repository.ts(1,24): error TS7016: Could not find a declaration file for module '@saas/database'. 'c:/Users/Sapth/Downloads/saas_existing/packages/database/dist/client.js' implicitly has an 'any' type.
apps/api/src/modules/lead/presentation/lead.controller.ts(2,24): error TS7016: Could not find a declaration file for module '@saas/database'. 'c:/Users/Sapth/Downloads/saas_existing/packages/database/dist/client.js' implicitly has an 'any' type.
apps/api/src/modules/tenant/infrastructure/public-tenant-cache.ts(1,24): error TS7016: Could not find a declaration file for module '@saas/database'. 'c:/Users/Sapth/Downloads/saas_existing/packages/database/dist/client.js' implicitly has an 'any' type.
apps/api/src/modules/tenant/infrastructure/tenant.prisma.repository.ts(1,24): error TS7016: Could not find a declaration file for module '@saas/database'. 'c:/Users/Sapth/Downloads/saas_existing/packages/database/dist/client.js' implicitly has an 'any' type.
apps/api/src/modules/tenant/presentation/tenant-settings.routes.ts(3,24): error TS7016: Could not find a declaration file for module '@saas/database'. 'c:/Users/Sapth/Downloads/saas_existing/packages/database/dist/client.js' implicitly has an 'any' type.
apps/api/src/modules/tenant/presentation/tenant-user.routes.ts(1,24): error TS7016: Could not find a declaration file for module '@saas/database'. 'c:/Users/Sapth/Downloads/saas_existing/packages/database/dist/client.js' implicitly has an 'any' type.
apps/api/src/modules/tenant/presentation/tenant.routes.ts(12,24): error TS7016: Could not find a declaration file for module '@saas/database'. 'c:/Users/Sapth/Downloads/saas_existing/packages/database/dist/client.js' implicitly has an 'any' type.
apps/api/src/modules/tenant/presentation/tenant.routes.ts(374,48): error TS7006: Parameter 'image' implicitly has an 'any' type.
apps/api/src/modules/tenant/presentation/tenant.routes.ts(380,38): error TS7006: Parameter 'service' implicitly has an 'any' type.
apps/api/src/modules/tenant/presentation/tenant.routes.ts(386,44): error TS7006: Parameter 'link' implicitly has an 'any' type.
apps/api/src/modules/tenant/presentation/tenant.routes.ts(429,26): error TS7006: Parameter 'tenant' implicitly has an 'any' type.
apps/api/src/routes.ts(2,24): error TS7016: Could not find a declaration file for module '@saas/database'. 'c:/Users/Sapth/Downloads/saas_existing/packages/database/dist/client.js' implicitly has an 'any' type.
apps/api/src/server.ts(8,24): error TS7016: Could not find a declaration file for module '@saas/database'. 'c:/Users/Sapth/Downloads/saas_existing/packages/database/dist/client.js' implicitly has an 'any' type.
